[33m??[39m Building...
[32m??[39m Building...
Application bundle generation failed. [4.616 seconds]

node.exe : [1m[33m[33m??[
43;33m[[43;30mWARNING[43;33
m][0m [1mTS-998113: MatDial
ogTitle is not used within th
e template of AddNotification
Component[0m [1m[35m[plugi
n angular-compiler][0m
位於 線路:1 字元:1
+ & "C:\nvm4w\nodejs/node.exe
" "C:\nvm4w\nodejs/node_modul
es/npm/bin/np ...
+ ~~~~~~~~~~~~~~~~~~~~~~~~~~~
~~~~~~~~~~~~~~~~~~~~~~~~~~~~~
~~~~~~~~~~~~~
    + CategoryInfo           
   : NotSpecified: ([1m[3  
  3m[33m?...r-compiler][   
 0m:String) [], RemoteExc    
eption
    + FullyQualifiedErrorId  
   : NativeCommandError
 

    src/app/@dialog/add-notif
ication/add-notification.comp
onent.ts:10:12:
[37m      10 ??  imports: [
[32mMatDialogTitle[37m, MatD
ialogContent, MatDialogAction
s, Fo...
         ??            [32m~
~~~~~~~~~~~~~[0m


[33m??[43;33m[[43;30mWARNI
NG[43;33m][0m [1mTS-998113
: MatDialogContent is not use
d within the template of AddN
otificationComponent[0m [1m
[35m[plugin angular-compiler
][0m

    src/app/@dialog/add-notif
ication/add-notification.comp
onent.ts:10:28:
[37m      10 ??...ports: [Ma
tDialogTitle, [32mMatDialogC
ontent[37m, MatDialogActions
, For...
         ??                  
         [32m~~~~~~~~~~~~~~~
~[0m


[33m??[43;33m[[43;30mWARNI
NG[43;33m][0m [1mTS-998113
: MatDialogActions is not use
d within the template of AddN
otificationComponent[0m [1m
[35m[plugin angular-compiler
][0m

    src/app/@dialog/add-notif
ication/add-notification.comp
onent.ts:10:46:
[37m      10 ??...[MatDialog
Title, MatDialogContent, [32
mMatDialogActions[37m, Forms
Module],
         ??                  
                    [32m~~~~
~~~~~~~~~~~~[0m


[33m??[43;33m[[43;30mWARNI
NG[43;33m][0m [1mNG8107: T
he left side of this optional
 chain operation does not inc
lude 'null' or 'undefined' in
 its type, therefore the '?.'
 operator can be replaced wit
h the '.' operator.[0m [1m
[35m[plugin angular-compiler]
[0m

    src/app/admin-notificatio
n-set/admin-notification-set.
component.html:28:43:
[37m      28 ??    @for(noti
fication of notificationList?
.[32mdata[37m ; track $inde
x){
         ??                  
                         [32
m~~~~[0m

  Error occurs in the templat
e of component AdminNotificat
ionSetComponent.

    src/app/admin-notificatio
n-set/admin-notification-set.
component.ts:14:15:
[37m      14 ??  templateUrl
: [32m'./admin-notification-
set.component.html'[37m,
         ??               [3
2m~~~~~~~~~~~~~~~~~~~~~~~~~~~
~~~~~~~~~~~~~~[0m


[33m??[43;33m[[43;30mWARNI
NG[43;33m][0m [1mNG8107: T
he left side of this optional
 chain operation does not inc
lude 'null' or 'undefined' in
 its type, therefore the '?.'
 operator can be replaced wit
h the '.' operator.[0m [1m
[35m[plugin angular-compiler]
[0m

    src/app/header/header-use
r/header-user.component.html:
35:49:
[37m      35 ??...      @for
(notification of notification
List?.[32mdata[37m ; track 
$index){
         ??                  
                             
 [32m~~~~[0m

  Error occurs in the templat
e of component HeaderUserComp
onent.

    src/app/header/header-use
r/header-user.component.ts:15
:15:
[37m      15 ??  templateUrl
: [32m'./header-user.compone
nt.html'[37m,
         ??               [3
2m~~~~~~~~~~~~~~~~~~~~~~~~~~~
~~~[0m


[33m??[43;33m[[43;30mWARNI
NG[43;33m][0m [1mTS-998113
: HeaderComponent is not used
 within the template of Login
Component[0m [1m[35m[plugi
n angular-compiler][0m

    src/app/login/login.compo
nent.ts:13:12:
[37m      13 ??  imports: [
[32mHeaderComponent[37m, For
msModule, RouterLink, MatIcon
Module],
         ??            [32m~
~~~~~~~~~~~~~~[0m


[33m??[43;33m[[43;30mWARNI
NG[43;33m][0m [1mNG8107: T
he left side of this optional
 chain operation does not inc
lude 'null' or 'undefined' in
 its type, therefore the '?.'
 operator can be replaced wit
h the '.' operator.[0m [1m
[35m[plugin angular-compiler]
[0m

    src/app/main/main.compone
nt.html:120:43:
[37m      120 ??    @for(not
ification of notificationList
?.[32mdata[37m ; track $ind
ex){
          ??                 
                          [3
2m~~~~[0m

  Error occurs in the templat
e of component MainComponent.

    src/app/main/main.compone
nt.ts:16:15:
[37m      16 ??  templateUrl
: [32m'./main.component.html
'[37m,
         ??               [3
2m~~~~~~~~~~~~~~~~~~~~~~~[0m


[33m??[43;33m[[43;30mWARNI
NG[43;33m][0m [1mTS-998113
: RouterLink is not used with
in the template of MainCompon
ent[0m [1m[35m[plugin angu
lar-compiler][0m

    src/app/main/main.compone
nt.ts:15:12:
[37m      15 ??  imports: [
[32mRouterLink[37m, MatIconM
odule, MatButtonModule, MatMe
nuMod...
         ??            [32m~
~~~~~~~~~[0m


[33m??[43;33m[[43;30mWARNI
NG[43;33m][0m [1mTS-998113
: SlicePipe is not used withi
n the template of MainCompone
nt[0m [1m[35m[plugin angul
ar-compiler][0m

    src/app/main/main.compone
nt.ts:15:71:
[37m      15 ??...erLink, Ma
tIconModule, MatButtonModule,
 MatMenuModule, [32mSlicePip
e[37m],
         ??                  
                             
           [32m~~~~~~~~~[0m


[33m??[43;33m[[43;30mWARNI
NG[43;33m][0m [1mNG8107: T
he left side of this optional
 chain operation does not inc
lude 'null' or 'undefined' in
 its type, therefore the '?.'
 operator can be replaced wit
h the '.' operator.[0m [1m
[35m[plugin angular-compiler]
[0m

    src/app/notification/noti
fication.component.html:15:43
:
[37m      15 ??    @for(noti
fication of notificationList?
.[32mdata[37m ; track $inde
x){
         ??                  
                         [32
m~~~~[0m

  Error occurs in the templat
e of component NotificationCo
mponent.

    src/app/notification/noti
fication.component.ts:9:15:
[37m      9 ??  templateUrl:
 [32m'./notification.compone
nt.html'[37m,
        ??               [32
m~~~~~~~~~~~~~~~~~~~~~~~~~~~~
~~~[0m


[33m??[43;33m[[43;30mWARNI
NG[43;33m][0m [1mNG8107: T
he left side of this optional
 chain operation does not inc
lude 'null' or 'undefined' in
 its type, therefore the '?.'
 operator can be replaced wit
h the '.' operator.[0m [1m
[35m[plugin angular-compiler]
[0m

    src/app/personal-notifica
tion/personal-notification.co
mponent.html:16:43:
[37m      16 ??    @for(noti
fication of notificationList?
.[32mdata[37m ; track $inde
x){
         ??                  
                         [32
m~~~~[0m

  Error occurs in the templat
e of component PersonalNotifi
cationComponent.

    src/app/personal-notifica
tion/personal-notification.co
mponent.ts:9:15:
[37m      9 ??  templateUrl:
 [32m'./personal-notificatio
n.component.html'[37m,
        ??               [32
m~~~~~~~~~~~~~~~~~~~~~~~~~~~~
~~~~~~~~~~~~[0m


[33m??[43;33m[[43;30mWARNI
NG[43;33m][0m [1mTS-998113
: HeaderComponent is not used
 within the template of Regis
terComponent[0m [1m[35m[pl
ugin angular-compiler][0m

    src/app/register/register
.component.ts:15:12:
[37m      15 ??  imports: [
[32mHeaderComponent[37m, For
msModule, RouterLink, MatIcon
Module],
         ??            [32m~
~~~~~~~~~~~~~~[0m

[39m[22m
[1m[31m[31mX [41;31m[[41
;97mERROR[41;31m][0m [1mCo
uld not resolve "primeng/tool
tip"[0m

    src/app/profile/profile.c
omponent.ts:4:30:
[37m      4 ??import { Toolt
ipModule } from [32m'primeng
/tooltip'[37m;
        ??                   
           [32m~~~~~~~~~~~~~
~~~~[0m

  You can mark the path "prim
eng/tooltip" as external to e
xclude it from the bundle, wh
ich will remove this error an
d leave the unresolved path i
n the bundle.


[31mX [41;31m[[41;97mERROR
[41;31m][0m [1mTS2307: Can
not find module 'primeng/tool
tip' or its corresponding typ
e declarations.[0m [1m[35m
[plugin angular-compiler][0m

    src/app/profile/profile.c
omponent.ts:4:30:
[37m      4 ??import { Toolt
ipModule } from [32m'primeng
/tooltip'[37m;
        ??                   
           [32m~~~~~~~~~~~~~
~~~~[0m


[31mX [41;31m[[41;97mERROR
[41;31m][0m [1mCould not r
esolve "primeng/inputtext"[0
m

    src/app/profile/profile.c
omponent.ts:5:32:
[37m      5 ??import { Input
TextModule } from [32m'prime
ng/inputtext'[37m;
        ??                   
             [32m~~~~~~~~~~~
~~~~~~~~[0m

  You can mark the path "prim
eng/inputtext" as external to
 exclude it from the bundle, 
which will remove this error 
and leave the unresolved path
 in the bundle.


[31mX [41;31m[[41;97mERROR
[41;31m][0m [1mTS2307: Can
not find module 'primeng/inpu
ttext' or its corresponding t
ype declarations.[0m [1m[3
5m[plugin angular-compiler][
0m

    src/app/profile/profile.c
omponent.ts:5:32:
[37m      5 ??import { Input
TextModule } from [32m'prime
ng/inputtext'[37m;
        ??                   
             [32m~~~~~~~~~~~
~~~~~~~~[0m


[31mX [41;31m[[41;97mERROR
[41;31m][0m [1mTS-991010: 
'imports' must be an array of
 components, directives, pipe
s, or NgModules.
  Value could not be determin
ed statically.[0m [1m[35m[
plugin angular-compiler][0m

    src/app/profile/profile.c
omponent.ts:10:42:
[37m      10 ??...rLink, Rou
terLinkActive, [32mTooltipMo
dule[37m, FormsModule, Input
TextM...
         ??                  
          [32m~~~~~~~~~~~~~
[0m

  Unknown reference.

    src/app/profile/profile.c
omponent.ts:10:42:
[37m      10 ??...rLink, Rou
terLinkActive, [32mTooltipMo
dule[37m, FormsModule, Input
TextM...
         ??                  
          [32m~~~~~~~~~~~~~
[0m


[31mX [41;31m[[41;97mERROR
[41;31m][0m [1mTS-991010: 
'imports' must be an array of
 components, directives, pipe
s, or NgModules.
  Value could not be determin
ed statically.[0m [1m[35m[
plugin angular-compiler][0m

    src/app/profile/profile.c
omponent.ts:10:70:
[37m      10 ??...k, RouterL
inkActive, TooltipModule, For
msModule, [32mInputTextModul
e[37m],
         ??                  
                             
     [32m~~~~~~~~~~~~~~~[0m

  Unknown reference.

    src/app/profile/profile.c
omponent.ts:10:70:
[37m      10 ??...k, RouterL
inkActive, TooltipModule, For
msModule, [32mInputTextModul
e[37m],
         ??                  
                             
     [32m~~~~~~~~~~~~~~~[0m

[39m[22m
